catalog: 156 frames, 116 images (20 colour)
building 156 frames with 1 job(s)
id           seed      detected     delta  period96  jit96  noise  alt96    trace0  qual   comp  dot    peak    KiB     s
-------------------------------------------------------------------------------------------------------------------------
L000      6000351     5997139.1   -3211.9   799.338   1.47   0.14   +0.1  2000.217  0.88   89.0  yes  0.2992    515   0.3
L001      8309777     8306576.2   -3200.8   799.241   2.42   0.05   -1.6  1999.744  0.89   14.9  yes  0.3078    517   0.3
L002     10667713    10664536.2   -3176.8   799.230   1.32   0.05   -1.6  1999.793  0.87   90.0  yes  0.2573    532   0.2
L003     12939909    12936723.3   -3185.7   799.201   1.30   0.12   -1.5  1999.541  0.89   52.8  yes  0.3120    529   0.3
L004     15185551    15182363.5   -3187.5   799.183   2.20   0.55   -0.0  2000.097  0.84   62.9  yes  0.2930    532   0.3
L005     17428078    17424922.9   -3155.1   799.102   1.28   0.16   +0.0  2000.208  0.92   66.1  yes  0.2468    549   0.2
L006     19610745    19607590.2   -3154.8   799.115   1.42   0.05   -1.6  2000.307  0.95   92.3  yes  0.3127    506   0.3
L007     21715195    21712036.8   -3158.2   799.248   2.72   0.05   -1.6  2000.519  0.92   56.7  yes  0.3117    488   0.4
L008     23821271    23818089.9   -3181.1   799.226   4.61   0.04   -1.7  1999.695  0.74   48.6  yes  0.3228    484   0.4
L009     25944256    25941110.1   -3145.9   799.150   1.94   0.04   -1.6  1999.504  0.87   63.9  yes  0.2711    495   0.4
L010     28672650    28669438.1   -3211.9   799.020   2.17   0.05   -1.6  2000.027  0.93   83.7  yes  0.3040    530   0.2
L011     30893217    30890050.3   -3166.7   799.067   1.89   0.05   -1.6  2000.343  0.94   67.4  yes  0.3092    498   0.3
L012     33172759    33169556.4   -3202.6   799.019   1.78   0.08   -1.6  2000.392  0.91   81.7  yes  0.2957    498   0.3
L013     35444906    35441750.6   -3155.4   798.974   1.38   0.05   -1.6  2000.129  0.96   72.1   no  0.3145    514   0.3
L014     37614248    37611037.9   -3210.1   799.016   1.40   0.38   -1.6  2000.515  0.89   65.3   no  0.2996    513   0.3
L015     39821951    39818741.7   -3209.3   799.053   1.35   0.14   -1.6  1999.655  0.85   50.5  yes  0.3075    503   0.3
L016     41972120    41968904.1   -3215.9   799.038   1.15   0.05   -1.6  2000.031  0.92   88.3  yes  0.2927    546   0.2
L017     44045542    44042383.2   -3158.8   799.082   3.17   0.05   -1.6  2000.314  0.91   90.0  yes  0.2668    543   0.2
L018     46234943    46231742.8   -3200.2   799.159   1.30   0.04   -1.6  1999.910  0.95   90.8  yes  0.3270    511   0.2
L019     48475019    48471856.3   -3162.7   798.902   3.48   0.11   -1.6  2000.207  0.83   72.8  yes  0.2598    545   0.2
L020     50572886    50569716.8   -3169.2   798.890   2.03   0.05   -1.6  1999.740  0.86   49.0  yes  0.2581    552   0.2
L021     52750217    52747013.0   -3204.0   798.888   1.23   0.16   -0.0  2000.019  0.85   27.5  yes  0.3065    540   0.2
L022     54952894    54949724.6   -3169.4   798.835   1.63   0.05   -1.6  1999.664  0.88   92.9  yes  0.2734    558   0.2
L023     57295996    57292850.2   -3145.8   798.825   2.00   0.05   -1.6  1999.516  0.94   83.8   no  0.2981    522   0.3
L024     59524382    59521229.7   -3152.3   798.844   1.12   0.05   -1.6  1999.900  0.96   86.4   no  0.2876    520   0.3
L025     61705923    61702720.0   -3203.0   798.818   1.51   0.04   -1.6  2000.237  0.95   92.8   no  0.3256    492   0.3
L026     63892792    63889584.0   -3208.0   798.845   1.11   0.05   -1.6  2000.016  0.96   93.5   no  0.3100    494   0.3
L027     66132628    66129397.7   -3230.3   798.778   2.97   0.13   -1.6  2000.494  0.89   91.1   no  0.2704    518   0.3
L028     68279218    68275995.7   -3222.3   798.817   1.40   0.05   -1.6  2000.435  0.95   89.1   no  0.3266    506   0.3
L029     70507149    70503985.2   -3163.8   798.864   1.56   0.07   -1.6  2000.110  0.95   87.6   no  0.3063    511   0.3
L030     72751178    72748045.9   -3132.1   798.831   2.04   0.05   -1.7  1999.957  0.94   90.5   no  0.2837    510   0.3
L031     74854166    74850994.3   -3171.7   798.775   1.39   0.05   -1.6  2000.088  0.96   83.1   no  0.3170    506   0.3
L032 !   77244411    77241219.5   -3191.5   798.774  12.17   5.41  -17.8  2002.579  0.78   14.9  yes  0.3260    515   0.3
L033     79504150    79501002.3   -3147.7   798.782   1.60   0.05   -1.6  2000.041  0.89   27.9  yes  0.2949    540   0.2
L034     81716295    81713085.7   -3209.3   798.760   1.14   0.05   -1.6  1999.689  0.96   83.1  yes  0.3279    506   0.2
L035     83948789    83945634.7   -3154.3   798.787   1.20   0.04   -1.6  2000.463  0.96   92.4  yes  0.3289    524   0.2
L036     86171253    86168106.5   -3146.5   798.764   1.38   0.04   -1.6  2000.379  0.95   89.6  yes  0.2717    548   0.2
L037     88362514    88359368.7   -3145.3   798.789   1.47   0.15   +0.2  1999.695  0.95   87.6   no  0.3326    522   0.3
L038     90737295    90734101.5   -3193.5   798.795   1.85   0.38   -1.6  1999.594  0.89   80.2  yes  0.3109    495   0.3
L039     92910821    92907613.8   -3207.2   798.741   1.46   0.04   -1.6  2000.220  0.89   95.3   no  0.3089    537   0.3
L040     95162987    95159770.4   -3216.6   798.763   2.22   0.05   -1.6  1999.895  0.89   84.5  yes  0.3201    525   0.2
L041     97392089    97388856.1   -3232.9   798.729   1.31   0.04   -1.6  1999.763  0.86   81.5  yes  0.2958    531   0.2
L042     99629965    99626749.7   -3215.3   798.753   1.80   0.11   -1.6  2000.227  0.88   75.1  yes  0.3061    520   0.2
L043    101881353   101878148.0   -3205.0   798.720   3.28   0.05   -1.6  1999.690  0.91   70.1  yes  0.3054    509   0.3
L044    104134064   104130851.4   -3212.6   798.758   1.90   0.05   -1.6  1999.854  0.92   86.0  yes  0.3297    509   0.2
L045    106391299   106388095.6   -3203.4   798.704   1.17   0.04   -1.6  2000.130  0.85   81.4  yes  0.2885    511   0.3
L046    108653023   108649826.9   -3196.1   798.678   1.22   0.04   -1.6  1999.953  0.91   78.8  yes  0.3252    496   0.3
L047    110785849   110782633.0   -3216.0   798.713   1.43   0.04   -1.6  2000.054  0.94   80.2   no  0.2827    538   0.2
L048    112989673   112986479.9   -3193.1   798.668   1.87   0.04   -1.6  1999.708  0.92   79.9   no  0.3273    520   0.2
L049    115214155   115210953.6   -3201.4   798.660   1.24   0.04   -1.6  1999.631  0.86   83.6   no  0.3264    513   0.2
L050    117466213   117463010.0   -3203.0   798.662   1.11   0.04   -1.6  2000.243  0.87   58.3  yes  0.3037    520   0.2
L051    119731560   119728355.9   -3204.1   798.660   1.10   0.05   -1.6  1999.991  0.88   82.1   no  0.3333    525   0.2
L052    121875218   121872010.1   -3207.9   798.643   1.21   0.04   -1.6  2000.056  0.94   63.3   no  0.3354    528   0.2
L053    124059443   124056246.2   -3196.8   798.645   1.62   0.04   -1.6  1999.796  0.87   51.6  yes  0.3207    551   0.2
L054    126206251   126203090.0   -3161.0   798.573   1.15   0.04   -1.6  1999.750  0.95   93.3   no  0.2227    538   0.3
L055    128382710   128379500.2   -3209.8   798.581   1.13   0.04   -1.6  1999.575  0.90   94.3  yes  0.3095    519   0.2
L056    130596844   130593684.7   -3159.3   798.590   1.23   0.04   -1.6  2000.205  0.96   87.3   no  0.2957    518   0.3
L057    132766322   132763174.0   -3148.0   798.576   1.17   0.05   -1.6  2000.001  0.94   48.7  yes  0.2300    560   0.2
L058    134948075   134944919.6   -3155.4   798.578   1.21   0.04   -1.6  2000.182  0.96   85.5  yes  0.2906    538   0.2
L059    137166195   137163001.9   -3193.1   798.548   1.51   0.04   -1.6  1999.696  0.95   75.2  yes  0.2908    530   0.2
L060    139271903   139268702.2   -3200.8   798.539   1.24   0.31   -1.6  1999.807  0.94   78.7  yes  0.3096    514   0.3
L061    141461972   141458855.3   -3116.7   798.562   1.18   0.04   -1.6  1999.835  0.82   89.8   no  0.3106    577   0.2
L062    143599679   143596559.9   -3119.1   798.554   1.26   0.04   -1.6  2000.231  0.80   87.1   no  0.2706    572   0.2
L063    145823739   145820587.7   -3151.3   798.562   1.29   0.05   -1.6  2000.193  0.82   88.5  yes  0.3165    544   0.2
L064    148070564   148067407.7   -3156.3   798.528   1.32   0.04   -1.6  1999.911  0.94   80.5  yes  0.3288    518   0.2
L065    150320842   150317639.0   -3203.0   798.506   1.50   0.18   -1.6  2000.251  0.88   81.2   no  0.3342    558   0.2
L066    152464062   152460863.8   -3198.2   798.488   1.35   0.04   -1.6  2000.459  0.81   75.3   no  0.3301    554   0.2
L067    154736972   154733783.0   -3189.0   798.454   1.95   0.08   -1.6  1999.747  0.82   75.0  yes  0.3126    538   0.2
L068    156851635   156848487.6   -3147.4   798.449   1.29   0.04   -1.6  2000.144  0.90   93.2  yes  0.3035    558   0.2
L069    159135821   159132632.6   -3188.4   798.427   3.00   0.04   -1.6  1999.928  0.82   89.1  yes  0.2959    551   0.2
L070    161438215   161435083.0   -3132.0   798.388   1.93   0.04   -1.6  1999.968  0.90   89.6  yes  0.3178    531   0.2
L071    164019185   164015973.5   -3211.5   798.383   1.62   0.04   -1.6  2000.090  0.87   58.8   no  0.3068    545   0.2
L072    166138211   166135058.0   -3153.0   798.398   1.23   0.04   -1.6  1999.757  0.87   87.6   no  0.2984    541   0.2
L073    168366216   168363020.0   -3196.0   798.373   1.47   0.07   -1.6  1999.977  0.86   88.9  yes  0.3197    523   0.2
L074    170490736   170487543.3   -3192.7   798.333   2.21   0.14   -1.6  1999.813  0.89   88.4  yes  0.2970    520   0.2
L075    172652946   172649788.2   -3157.8   798.274   1.85   0.76   -0.1  1999.526  0.91   39.4  yes  0.3003    521   0.2
L076    174814877   174811685.0   -3192.0   798.300   1.50   0.04   -1.6  1999.985  0.95   84.7   no  0.3152    502   0.3
L077    177225612   177222442.2   -3169.8   798.317   3.16   0.04   -1.6  1999.660  0.83   43.3  yes  0.3232    524   0.2
R000      6506529     6503346.6   -3182.4   799.456   3.13   0.05   -1.6  2000.434  0.92   72.5   no  0.4334    498   0.3
R001      8657325     8654129.4   -3195.6   799.377   2.11   0.04   -1.7  2000.068  0.92   72.4   no  0.3610    518   0.3
R002     10925272    10922121.0   -3151.0   799.363   1.31   0.05   -1.7  2000.249  0.94   70.0   no  0.3938    504   0.3
R003     13220865    13217718.8   -3146.2   799.330   2.17   0.05   -1.6  2000.425  0.93   84.8  yes  0.3133    519   0.2
R004     15458143    15454969.0   -3174.0   799.344   1.85   0.05   -1.6  1999.541  0.91   88.3   no  0.3913    538   0.2
R005     17656141    17652934.6   -3206.4   799.281   1.20   0.11   -1.6  2000.400  0.91   86.3  yes  0.3804    511   0.2
R006     19802597    19799444.2   -3152.8   799.231   1.68   0.04   -1.6  1999.790  0.93   76.3  yes  0.4322    517   0.2
R007     21940853    21937660.5   -3192.5   799.216   2.82   0.15   -1.6  1999.824  0.76   70.8   no  0.3237    584   0.2
R008     24148679    24145559.4   -3119.6   799.214   4.81   0.05   -1.6  2000.030  0.78   71.0   no  0.4289    559   0.2
R009     26315243    26312096.4   -3146.6   799.153   1.54   0.04   -1.6  2000.340  0.83   74.3  yes  0.3514    551   0.2
R010     28621555    28618348.7   -3206.3   799.110   1.53   0.04   -1.6  2000.387  0.89   49.2   no  0.3568    521   0.3
R011     30789735    30786571.9   -3163.1   799.152   1.47   0.04   -1.6  2000.244  0.89   91.0   no  0.3659    544   0.2
R012     32986872    32983675.2   -3196.8   799.132   1.71   0.09   -1.6  1999.771  0.85   81.3  yes  0.4228    505   0.2
R013     35224177    35221031.7   -3145.3   799.085   1.82   0.05   -1.6  1999.653  0.94   82.6   no  0.3440    520   0.3
R014     37420925    37417709.0   -3216.0   799.089   1.32   0.05   -1.6  2000.009  0.86   81.1   no  0.4218    523   0.2
R015     39586621    39583434.7   -3186.3   799.089   1.31   0.05   +1.6  2000.411  0.88   78.6   no  0.4199    508   0.2
R016     41813194    41809991.2   -3202.8   799.065   1.17   0.15   -1.6  2000.302  0.92   91.3   no  0.4153    538   0.2
R017     44002775    43999616.0   -3159.0   799.075   1.84   0.04   -1.6  2000.255  0.90   87.7   no  0.3942    522   0.2
R018     46219779    46216573.4   -3205.6   799.202   1.38   0.04   -1.6  1999.587  0.88   84.7   no  0.4401    524   0.2
R019     48449050    48445891.5   -3158.5   798.978   4.25   0.05   -1.6  2000.273  0.85   72.3  yes  0.4294    518   0.2
R020     50655292    50652130.9   -3161.1   798.960   1.05   0.04   -1.6  1999.748  0.97   76.4   no  0.4403    497   0.3
R021     52835618    52832462.2   -3155.8   798.940   1.20   0.05   -1.6  2000.107  0.93   93.8   no  0.4223    527   0.2
R022     55058940    55055738.6   -3201.4   798.902   1.18   0.05   -1.6  1999.668  0.89   51.9  yes  0.4274    516   0.2
R023     57304974    57301820.4   -3153.6   798.808   1.19   0.05   -1.6  1999.600  0.96   79.0  yes  0.3041    521   0.2
R024     59510392    59507230.2   -3161.8   798.833   1.13   0.04   -1.6  1999.558  0.94   86.2  yes  0.3539    555   0.2
R025     61745053    61741857.0   -3196.0   798.853   1.47   0.04   +1.6  2000.018  0.85   79.3   no  0.4140    534   0.2
R026     63989569    63986345.0   -3224.0   798.856   1.88   0.05   -1.6  1999.974  0.81   87.5   no  0.3557    543   0.2
R027     66161060    66157815.7   -3244.3   798.792   4.05   0.05   -1.6  1999.958  0.78   81.5  yes  0.3919    495   0.3
R028     68339073    68335910.8   -3162.2   798.827   1.08   0.04   -1.6  2000.477  0.91   90.0  yes  0.3221    533   0.2
R029     70653342    70650187.0   -3155.0   798.836   2.06   0.07   -1.6  2000.248  0.88   84.5  yes  0.3812    505   0.3
R030     72829823    72826620.0   -3203.0   798.818   1.46   0.31   -1.6  2000.261  0.90   85.9  yes  0.4046    516   0.2
R031     75080249    75077046.9   -3202.1   798.786   1.20   0.04   -1.7  2000.483  0.84   85.3   no  0.4331    533   0.2
R032     77282237    77279019.8   -3217.2   798.811   1.16   0.04   -1.6  1999.705  0.88   86.1   no  0.4442    517   0.2
R033     79470832    79467618.3   -3213.7   798.788   1.24   0.04   -1.6  1999.618  0.93   78.8  yes  0.4191    503   0.2
R034     81632703    81629492.4   -3210.6   798.789   1.19   0.04   -1.6  2000.362  0.93   88.9   no  0.4541    518   0.2
R035     83797423    83794218.9   -3204.1   798.796   1.06   0.04   -1.6  2000.001  0.85   90.8   no  0.4266    544   0.2
R036     85981160    85977965.5   -3194.5   798.778   1.87   0.13   -1.6  2000.329  0.88   79.2   no  0.3331    550   0.2
R037     88183995    88180775.9   -3219.1   798.789   1.43   0.04   -1.6  2000.247  0.93   84.7   no  0.4141    528   0.2
R038     90371829    90368687.1   -3141.9   798.769   2.23   0.04   -1.6  1999.503  0.91   91.1  yes  0.3155    555   0.2
R039     92625391    92622186.5   -3204.5   798.737   1.19   0.04   -1.6  1999.876  0.94   91.2  yes  0.4073    516   0.2
R040     94800806    94797584.6   -3221.4   798.728   3.45   0.04   -1.6  1999.665  0.81   81.0   no  0.4104    536   0.2
R041     96981356    96978154.3   -3201.7   798.716   1.58   0.04   -1.6  1999.573  0.79   59.9   no  0.3495    535   0.2
R042     99211425    99208219.3   -3205.7   798.729   1.40   0.04   -1.7  1999.559  0.81   74.0  yes  0.3749    515   0.2
R043    101344645   101341435.6   -3209.4   798.671   2.18   0.15   -1.6  1999.695  0.91   85.0  yes  0.4213    521   0.2
R044    103602314   103599118.4   -3195.6   798.702   1.68   0.11   -1.6  2000.070  0.92   90.5   no  0.4153    535   0.2
R045    105728031   105724872.9   -3158.1   798.709   1.30   0.05   -1.6  2000.464  0.96   95.2  yes  0.4034    531   0.2
R046    107935592   107932392.5   -3199.5   798.683   1.55   0.04   -1.6  2000.151  0.93   76.2  yes  0.4178    518   0.2
R047    110167591   110164385.8   -3205.2   798.669   1.11   0.04   -1.6  1999.705  0.90   70.7  yes  0.4198    519   0.2
R048    112409969   112406807.1   -3161.9   798.663   1.53   0.04   -1.6  1999.572  0.93   69.3  yes  0.3356    522   0.2
R049    114664050   114660850.1   -3199.9   798.634   1.06   0.05   -1.6  2000.008  0.93   76.0  yes  0.3895    500   0.2
R050    116902472   116899263.1   -3208.9   798.632   1.10   0.04   -1.6  1999.795  0.95   66.0  yes  0.4409    500   0.2
R051    119209232   119206067.5   -3164.6   798.626   1.19   0.04   -1.6  1999.870  0.88   88.3   no  0.4071    527   0.2
R052    121420140   121416928.7   -3211.3   798.641   1.22   0.10   -1.6  2000.202  0.91   92.2   no  0.3809    553   0.2
R053    123683834   123680676.1   -3157.9   798.619   1.23   0.04   -1.6  1999.533  0.89   92.3   no  0.4104    541   0.2
R054    125970093   125966935.5   -3157.5   798.561   1.25   0.04   -1.6  1999.606  0.87   90.6  yes  0.4486    518   0.2
R055    128152296   128149075.8   -3220.2   798.563   1.43   0.03   -1.6  1999.987  0.85   89.2   no  0.3340    532   0.2
R056    130242769   130239599.6   -3169.4   798.572   1.33   0.04   -1.6  1999.686  0.95   73.6  yes  0.4130    507   0.2
R057    132459619   132456461.7   -3157.3   798.545   1.19   0.04   -1.6  1999.691  0.96   90.5  yes  0.4107    501   0.3
R058    134681995   134678841.8   -3153.2   798.552   1.09   0.04   -1.6  1999.677  0.91   89.7   no  0.4059    552   0.2
R059    136893398   136890218.0   -3180.0   798.544   2.30   0.04   -1.6  2000.019  0.83   85.0  yes  0.3752    536   0.2
R060    139076027   139072867.4   -3159.6   798.519   1.26   0.04   -1.6  2000.102  0.95   44.6  yes  0.3776    509   0.2
R061    141253978   141250817.1   -3160.9   798.526   1.22   0.04   -1.6  1999.791  0.96   93.2  yes  0.3747    518   0.2
R062    143451591   143448434.6   -3156.4   798.524   1.17   0.04   -1.6  1999.883  0.92   74.3  yes  0.3270    515   0.3
R063    145732994   145729837.9   -3156.1   798.535   1.33   0.04   -1.6  1999.978  0.96   85.6  yes  0.3612    514   0.3
R064    147973714   147970507.0   -3207.0   798.492   1.12   0.04   -1.6  2000.247  0.89   96.2   no  0.4246    549   0.2
R065    150181879   150178720.3   -3158.7   798.486   1.16   0.05   -1.6  2000.318  0.96   80.7  yes  0.4170    517   0.2
R066    152395129   152391928.5   -3200.5   798.475   1.55   0.04   -1.6  1999.899  0.93   56.9   no  0.3768    537   0.2
R067    154661135   154657947.7   -3187.3   798.436   1.93   0.04   -1.6  2000.158  0.90   86.1  yes  0.4006    501   0.3
R068    156922696   156919551.3   -3144.7   798.444   1.25   0.04   -1.6  1999.802  0.90   78.7  yes  0.4166    525   0.2
R069    159286101   159282948.0   -3153.0   798.416   2.86   0.04   -1.6  1999.793  0.85   80.4   no  0.4297    515   0.2
R070    161513345   161510194.5   -3150.5   798.386   1.57   0.04   -1.6  2000.378  0.88   78.9   no  0.3938    514   0.3
R071    163950703   163947504.3   -3198.7   798.391   1.49   0.04   -1.6  2000.307  0.86   78.2  yes  0.4217    501   0.2
R072    166117409   166114253.3   -3155.7   798.391   1.18   0.04   -1.6  2000.066  0.96   96.1  yes  0.4178    497   0.2
R073    168312560   168309412.6   -3147.4   798.355   1.33   0.04   -1.6  2000.136  0.96   98.1   no  0.4173    528   0.2
R074    170582063   170578872.4   -3190.6   798.323   2.09   0.04   -1.6  2000.292  0.81   96.2   no  0.4191    501   0.3
R075    172735515   172732340.9   -3174.1   798.314   2.36   0.04   -1.6  2000.513  0.84   68.3  yes  0.4119    482   0.3
R076    174907808   174904613.2   -3194.8   798.319   1.50   0.04   -1.6  2000.270  0.84   86.3   no  0.4314    515   0.2
R077    177084886   177081680.6   -3205.4   798.338   2.39   0.05   -1.6  1999.692  0.86   77.8  yes  0.4359    513   0.2
low-confidence timebase (measurement noise > 5.0 samples at 96 kHz): 1 frames L032

frames ok 156   failed 0
detected - Barry seed, in 384 kHz samples (1 line = 3197.4):
    signed: mean  -3182.0   sd    27.0   min  -3244.3   max  -3116.7
    |delta|: median  3189.8   max  3244.3   rms  3182.1   (99.8% of a line)
    after removing the median offset (i.e. Barry's hand-tuning scatter):
        median    22.1   max    73.1   rms    28.1
        <=    8 samples:  24/156  (15%)
        <=   50 samples: 150/156  (96%)
        <=  200 samples: 156/156  (100%)
        <=  800 samples: 156/156  (100%)
        <= 1599 samples: 156/156  (100%)
odd/even trace alternation (Barry's hardcoded fudge): median 1.6, max 17.8 samples at 96 kHz
fitted line period x4: mean 3195.088  sd 1.107  min 3193.095  max 3197.822  (nominal 3197.4)
trace 0 lands at leadIn +- 0.52 samples (96 kHz) worst case over the 155 confident frames, 2.58 including the 1 flagged
flac total 83.7 MB, mean 524 KiB/frame
quality.py composite over 156 scored frames: mean 78.4  median 82.8  min 14.9  max 98.1
dot clock locked on 90/156 frames (fallback binning on 66)
wall clock 39.2 s
catalog.json: 156 frames, 116 images -> /Users/josh/code/golden-record-images/web/public/data/catalog.json (65 KiB)
build report -> /Users/josh/code/golden-record-images/data/build_report.json
contact sheet: 156 tiles -> /Users/josh/code/golden-record-images/data/contact_sheet.png (4.1 MB)
582 presentation fields applied to the catalogue
rotations restored: [11, 12, 27, 28, 51, 116]
20/20 colour images registered -> data/thumbs_reg
  largest correction applied: 97.21 px
  plane disagreement (band-passed, lower is better):
    before 0.54432   after 0.46136   (-15.2%)
  improved on 18/20 images

  largest misalignments found:
    image   8  97.21 px  shifts [(-0.56, -96.65), (-0.25, 0.66)]  NO IMPROVEMENT
    image  60  2.48 px  shifts [(-2.27, -0.21), (-0.05, 0.55)]  improved
    image 114  1.83 px  shifts [(0.54, 0.92), (-0.7, 1.13)]  improved
    image  94  1.80 px  shifts [(-1.34, -0.46), (-0.52, 0.41)]  improved
    image  49  1.64 px  shifts [(1.44, -0.2), (1.06, 0.28)]  improved
    image 112  1.46 px  shifts [(0.25, -0.18), (-0.61, -0.85)]  improved

  ESTIMATE REJECTED on images [8] and shipped unregistered: the shift exceeded 8 px, which is not a large misalignment but a failed estimate (measured worst case is 2.26 px).
cache /Users/josh/code/golden-record-images/data/cache/n2n_triplets.npz missing; decoding 57 frames from the master (a few minutes, once)
  cached image  12  L013-L015  dy,dx 1->2 +0.16,+0.63  3->2 -0.44,-0.39
  cached image  13  L016-L018  dy,dx 1->2 +0.10,-0.38  3->2 -0.05,-0.13
  cached image  23  L028-L030  dy,dx 1->2 +0.26,-0.67  3->2 -0.18,+0.55
  cached image  34  L041-L043  dy,dx 1->2 +0.34,-0.51  3->2 -0.29,+0.33
  cached image  35  L044-L046  dy,dx 1->2 +0.40,+0.03  3->2 -0.29,+0.09
  cached image  36  L047-L049  dy,dx 1->2 +0.29,+0.12  3->2 -0.22,-0.34
  cached image  45  L058-L060  dy,dx 1->2 +0.32,+0.91  3->2 -0.32,-0.30
  cached image  46  L061-L063  dy,dx 1->2 +0.31,+0.36  3->2 -0.53,-0.47
  cached image  48  L065-L067  dy,dx 1->2 +0.45,+0.19  3->2 -0.62,-0.06
  cached image  49  L068-L070  dy,dx 1->2 +0.20,+1.44  3->2 -0.28,+1.06
  cached image  50  L071-L073  dy,dx 1->2 +0.16,-0.40  3->2 -0.38,-0.84
  cached image  55  R000-R002  dy,dx 1->2 +0.11,+0.27  3->2 -0.19,+0.19
  cached image  60  R007-R009  dy,dx 1->2 +0.21,-2.27  3->2 -0.56,-0.05
  cached image  78  R027-R029  dy,dx 1->2 -0.16,-1.13  3->2 -0.22,-0.06
  cached image  89  R040-R042  dy,dx 1->2 +0.31,+0.45  3->2 -0.43,+0.05
  cached image  94  R047-R049  dy,dx 1->2 +0.45,-1.34  3->2 -0.42,-0.52
  cached image  97  R052-R054  dy,dx 1->2 +0.27,-0.29  3->2 -0.54,+0.55
  cached image 112  R069-R071  dy,dx 1->2 +0.25,-0.18  3->2 -0.61,-0.85
  cached image 114  R073-R075  dy,dx 1->2 +0.54,+0.93  3->2 -0.72,+1.14
  wrote /Users/josh/code/golden-record-images/data/cache/n2n_triplets.npz (19 triplets)
training the shipped denoiser on all 19 triplets (mps)
    step     0  n2n loss 0.02333
    step   500  n2n loss 0.02473
    step  1000  n2n loss 0.05311
    step  1500  n2n loss 0.04669
    step  2000  n2n loss 0.03936
    step  2500  n2n loss 0.03204
    step  2999  n2n loss 0.03248
  0/156 re-decoded and denoised
  20/156 re-decoded and denoised
  40/156 re-decoded and denoised
  60/156 re-decoded and denoised
  80/156 re-decoded and denoised
  100/156 re-decoded and denoised
  120/156 re-decoded and denoised
  140/156 re-decoded and denoised

156/156 frames reconstructed -> data/thumbs_ml/
  change in grey levels: mean 1.612  median 1.634  max 2.705

  CALIBRATION CIRCLE -- the check a denoiser cannot game:
    axis ratio  1.0052 -> 1.0054
    radial rms  0.836 -> 0.849 px
    inliers     190 -> 191
    PASS

wrote docs/reconstruct_report.json
ALL DONE
